// Jest Snapshot v1, https://goo.gl/fbAQLP

exports[`<Logo /> Does not explode 1`] = `
<View
  style={
    Array [
      Object {
        "alignItems": "center",
        "justifyContent": "center",
        "marginBottom": 40,
      },
    ]
  }
>
  <Image
    resizeMode="contain"
    source={
      Object {
        "process": [Function],
      }
    }
    style={
      Object {
        "height": 300,
        "width": 300,
      }
    }
  />
</View>
`;
